--------------------------------------------------------------------------------
Release 14.7 Trace  (nt64)
Copyright (c) 1995-2013 Xilinx, Inc.  All rights reserved.

C:\Xilinx\14.7\ISE_DS\ISE\bin\nt64\unwrapped\trce.exe -intstyle ise -v 3 -s 3
-n 3 -fastpaths -xml MainModule.twx MainModule.ncd -o MainModule.twr
MainModule.pcf -ucf MainModule.ucf

Design file:              MainModule.ncd
Physical constraint file: MainModule.pcf
Device,package,speed:     xc6slx16,csg324,C,-3 (PRODUCTION 1.23 2013-10-13)
Report level:             verbose report

Environment Variable      Effect 
--------------------      ------ 
NONE                      No environment variables were set
--------------------------------------------------------------------------------

INFO:Timing:2698 - No timing constraints found, doing default enumeration.
INFO:Timing:3412 - To improve timing, see the Timing Closure User Guide (UG612).
INFO:Timing:2752 - To get complete path coverage, use the unconstrained paths 
   option. All paths that are not constrained will be reported in the 
   unconstrained paths section(s) of the report.
INFO:Timing:3339 - The clock-to-out numbers in this timing report are based on 
   a 50 Ohm transmission line loading model.  For the details of this model, 
   and for more information on accounting for different loading conditions, 
   please see the device datasheet.



Data Sheet report:
-----------------
All values displayed in nanoseconds (ns)

Setup/Hold to clock clock
------------+------------+------------+------------+------------+------------------+--------+
            |Max Setup to|  Process   |Max Hold to |  Process   |                  | Clock  |
Source      | clk (edge) |   Corner   | clk (edge) |   Corner   |Internal Clock(s) | Phase  |
------------+------------+------------+------------+------------+------------------+--------+
resetGral   |   12.935(R)|      SLOW  |   -1.755(R)|      FAST  |dcmOut            |   0.000|
            |    9.992(F)|      SLOW  |   -2.101(F)|      FAST  |dcmOut            |   0.000|
            |    9.497(R)|      SLOW  |   -3.072(R)|      FAST  |dcmOut70          |   0.000|
uartRxPin   |    5.360(R)|      SLOW  |   -1.894(R)|      FAST  |dcmOut70          |   0.000|
------------+------------+------------+------------+------------+------------------+--------+

Clock clock to Pad
----------------+-----------------+------------+-----------------+------------+------------------+--------+
                |Max (slowest) clk|  Process   |Min (fastest) clk|  Process   |                  | Clock  |
Destination     |  (edge) to PAD  |   Corner   |  (edge) to PAD  |   Corner   |Internal Clock(s) | Phase  |
----------------+-----------------+------------+-----------------+------------+------------------+--------+
ledDataAvailable|         7.129(R)|      SLOW  |         4.223(R)|      FAST  |dcmOut70          |   0.000|
sendCounter<0>  |         6.606(R)|      SLOW  |         4.142(R)|      FAST  |dcmOut70          |   0.000|
sendCounter<1>  |         6.406(R)|      SLOW  |         3.975(R)|      FAST  |dcmOut70          |   0.000|
sendCounter<2>  |         6.291(R)|      SLOW  |         3.922(R)|      FAST  |dcmOut70          |   0.000|
sendCounter<3>  |         6.194(R)|      SLOW  |         3.873(R)|      FAST  |dcmOut70          |   0.000|
sendCounter<4>  |         6.243(R)|      SLOW  |         3.847(R)|      FAST  |dcmOut70          |   0.000|
sendCounter<5>  |         6.649(R)|      SLOW  |         4.124(R)|      FAST  |dcmOut70          |   0.000|
sendCounter<6>  |         5.833(R)|      SLOW  |         3.609(R)|      FAST  |dcmOut70          |   0.000|
sendCounter<7>  |         5.363(R)|      SLOW  |         3.284(R)|      FAST  |dcmOut70          |   0.000|
uartTxPin       |         4.992(R)|      SLOW  |         3.091(R)|      FAST  |dcmOut70          |   0.000|
----------------+-----------------+------------+-----------------+------------+------------------+--------+

Clock to Setup on destination clock clock
---------------+---------+---------+---------+---------+
               | Src:Rise| Src:Fall| Src:Rise| Src:Fall|
Source Clock   |Dest:Rise|Dest:Rise|Dest:Fall|Dest:Fall|
---------------+---------+---------+---------+---------+
clock          |    6.906|    7.311|    8.847|   15.765|
---------------+---------+---------+---------+---------+


Analysis completed Sun Feb 28 23:57:35 2016 
--------------------------------------------------------------------------------

Trace Settings:
-------------------------
Trace Settings 

Peak Memory Usage: 265 MB



