Release 14.7 - xst P.20131013 (nt64)
Copyright (c) 1995-2013 Xilinx, Inc.  All rights reserved.
--> Parameter TMPDIR set to xst/projnav.tmp


Total REAL time to Xst completion: 0.00 secs
Total CPU time to Xst completion: 0.16 secs
 
--> Parameter xsthdpdir set to xst


Total REAL time to Xst completion: 0.00 secs
Total CPU time to Xst completion: 0.16 secs
 
--> Reading design: UART_rx.prj

TABLE OF CONTENTS
  1) Synthesis Options Summary
  2) HDL Parsing
  3) HDL Elaboration
  4) HDL Synthesis
       4.1) HDL Synthesis Report
  5) Advanced HDL Synthesis
       5.1) Advanced HDL Synthesis Report
  6) Low Level Synthesis
  7) Partition Report
  8) Design Summary
       8.1) Primitive and Black Box Usage
       8.2) Device utilization summary
       8.3) Partition Resource Summary
       8.4) Timing Report
            8.4.1) Clock Information
            8.4.2) Asynchronous Control Signals Information
            8.4.3) Timing Summary
            8.4.4) Timing Details
            8.4.5) Cross Clock Domains Report


=========================================================================
*                      Synthesis Options Summary                        *
=========================================================================
---- Source Parameters
Input File Name                    : "UART_rx.prj"
Ignore Synthesis Constraint File   : NO

---- Target Parameters
Output File Name                   : "UART_rx"
Output Format                      : NGC
Target Device                      : xc7a100t-3-csg324

---- Source Options
Top Module Name                    : UART_rx
Automatic FSM Extraction           : YES
FSM Encoding Algorithm             : Auto
Safe Implementation                : No
FSM Style                          : LUT
RAM Extraction                     : Yes
RAM Style                          : Auto
ROM Extraction                     : Yes
Shift Register Extraction          : YES
ROM Style                          : Auto
Resource Sharing                   : YES
Asynchronous To Synchronous        : NO
Shift Register Minimum Size        : 2
Use DSP Block                      : Auto
Automatic Register Balancing       : No

---- Target Options
LUT Combining                      : Auto
Reduce Control Sets                : Auto
Add IO Buffers                     : YES
Global Maximum Fanout              : 100000
Add Generic Clock Buffer(BUFG)     : 16
Register Duplication               : YES
Optimize Instantiated Primitives   : NO
Use Clock Enable                   : Auto
Use Synchronous Set                : Auto
Use Synchronous Reset              : Auto
Pack IO Registers into IOBs        : Auto
Equivalent register Removal        : YES

---- General Options
Optimization Goal                  : Speed
Optimization Effort                : 1
Power Reduction                    : NO
Keep Hierarchy                     : No
Netlist Hierarchy                  : As_Optimized
RTL Output                         : Yes
Global Optimization                : AllClockNets
Read Cores                         : YES
Write Timing Constraints           : NO
Cross Clock Analysis               : NO
Hierarchy Separator                : /
Bus Delimiter                      : <>
Case Specifier                     : Maintain
Slice Utilization Ratio            : 100
BRAM Utilization Ratio             : 100
DSP48 Utilization Ratio            : 100
Auto BRAM Packing                  : NO
Slice Utilization Ratio Delta      : 5

=========================================================================


=========================================================================
*                          HDL Parsing                                  *
=========================================================================
Analyzing Verilog file "C:\Users\Ariel\Xilinx\Workspace\UART\rx.v" into library work
Parsing module <UART_rx>.

=========================================================================
*                            HDL Elaboration                            *
=========================================================================

Elaborating module <UART_rx>.
WARNING:HDLCompiler:413 - "C:\Users\Ariel\Xilinx\Workspace\UART\rx.v" Line 66: Result of 5-bit expression is truncated to fit in 4-bit target.
WARNING:HDLCompiler:413 - "C:\Users\Ariel\Xilinx\Workspace\UART\rx.v" Line 77: Result of 5-bit expression is truncated to fit in 4-bit target.
WARNING:HDLCompiler:413 - "C:\Users\Ariel\Xilinx\Workspace\UART\rx.v" Line 81: Result of 5-bit expression is truncated to fit in 4-bit target.
WARNING:HDLCompiler:413 - "C:\Users\Ariel\Xilinx\Workspace\UART\rx.v" Line 90: Result of 5-bit expression is truncated to fit in 4-bit target.

=========================================================================
*                           HDL Synthesis                               *
=========================================================================

Synthesizing Unit <UART_rx>.
    Related source file is "C:\Users\Ariel\Xilinx\Workspace\UART\rx.v".
    Found 2-bit register for signal <current_state>.
    Found 1-bit register for signal <rx_done>.
    Found 2-bit register for signal <next_state>.
    Found 4-bit register for signal <s>.
    Found 8-bit register for signal <d_out>.
    Found 4-bit register for signal <n>.
    Found 4-bit adder for signal <n[3]_GND_1_o_add_12_OUT> created at line 77.
    Found 4-bit adder for signal <s[3]_GND_1_o_add_22_OUT> created at line 90.
    Found 2-bit 4-to-1 multiplexer for signal <current_state[1]_next_state[1]_wide_mux_26_OUT> created at line 53.
    Found 4-bit 4-to-1 multiplexer for signal <current_state[1]_s[3]_wide_mux_27_OUT> created at line 53.
    Found 4-bit comparator greater for signal <n0004> created at line 60
    Found 4-bit comparator lessequal for signal <n0009> created at line 72
    Found 4-bit comparator greater for signal <n0019> created at line 85
    Summary:
	inferred   2 Adder/Subtractor(s).
	inferred  21 D-type flip-flop(s).
	inferred   3 Comparator(s).
	inferred  10 Multiplexer(s).
Unit <UART_rx> synthesized.

=========================================================================
HDL Synthesis Report

Macro Statistics
# Adders/Subtractors                                   : 2
 4-bit adder                                           : 2
# Registers                                            : 6
 1-bit register                                        : 1
 2-bit register                                        : 2
 4-bit register                                        : 2
 8-bit register                                        : 1
# Comparators                                          : 3
 4-bit comparator greater                              : 2
 4-bit comparator lessequal                            : 1
# Multiplexers                                         : 10
 2-bit 2-to-1 multiplexer                              : 4
 2-bit 4-to-1 multiplexer                              : 1
 4-bit 2-to-1 multiplexer                              : 4
 4-bit 4-to-1 multiplexer                              : 1

=========================================================================

=========================================================================
*                       Advanced HDL Synthesis                          *
=========================================================================


Synthesizing (advanced) Unit <UART_rx>.
The following registers are absorbed into counter <n>: 1 register on signal <n>.
Unit <UART_rx> synthesized (advanced).

=========================================================================
Advanced HDL Synthesis Report

Macro Statistics
# Adders/Subtractors                                   : 1
 4-bit adder                                           : 1
# Counters                                             : 1
 4-bit up counter                                      : 1
# Registers                                            : 17
 Flip-Flops                                            : 17
# Comparators                                          : 3
 4-bit comparator greater                              : 2
 4-bit comparator lessequal                            : 1
# Multiplexers                                         : 9
 2-bit 2-to-1 multiplexer                              : 4
 2-bit 4-to-1 multiplexer                              : 1
 4-bit 2-to-1 multiplexer                              : 3
 4-bit 4-to-1 multiplexer                              : 1

=========================================================================

=========================================================================
*                         Low Level Synthesis                           *
=========================================================================

Optimizing unit <UART_rx> ...

Mapping all equations...
Building and optimizing final netlist ...
Found area constraint ratio of 100 (+ 5) on block UART_rx, actual ratio is 0.

Final Macro Processing ...

=========================================================================
Final Register Report

Macro Statistics
# Registers                                            : 21
 Flip-Flops                                            : 21

=========================================================================

=========================================================================
*                           Partition Report                            *
=========================================================================

Partition Implementation Status
-------------------------------

  No Partitions were found in this design.

-------------------------------

=========================================================================
*                            Design Summary                             *
=========================================================================

Top Level Output File Name         : UART_rx.ngc

Primitive and Black Box Usage:
------------------------------
# BELS                             : 16
#      LUT2                        : 1
#      LUT3                        : 2
#      LUT4                        : 1
#      LUT5                        : 4
#      LUT6                        : 8
# FlipFlops/Latches                : 21
#      FDCE                        : 2
#      FDE                         : 19
# Clock Buffers                    : 1
#      BUFGP                       : 1
# IO Buffers                       : 12
#      IBUF                        : 3
#      OBUF                        : 9

Device utilization summary:
---------------------------

Selected Device : 7a100tcsg324-3 


Slice Logic Utilization: 
 Number of Slice Registers:              21  out of  126800     0%  
 Number of Slice LUTs:                   16  out of  63400     0%  
    Number used as Logic:                16  out of  63400     0%  

Slice Logic Distribution: 
 Number of LUT Flip Flop pairs used:     27
   Number with an unused Flip Flop:       6  out of     27    22%  
   Number with an unused LUT:            11  out of     27    40%  
   Number of fully used LUT-FF pairs:    10  out of     27    37%  
   Number of unique control sets:         5

IO Utilization: 
 Number of IOs:                          13
 Number of bonded IOBs:                  13  out of    210     6%  

Specific Feature Utilization:
 Number of BUFG/BUFGCTRLs:                1  out of     32     3%  

---------------------------
Partition Resource Summary:
---------------------------

  No Partitions were found in this design.

---------------------------


=========================================================================
Timing Report

NOTE: THESE TIMING NUMBERS ARE ONLY A SYNTHESIS ESTIMATE.
      FOR ACCURATE TIMING INFORMATION PLEASE REFER TO THE TRACE REPORT
      GENERATED AFTER PLACE-and-ROUTE.

Clock Information:
------------------
-----------------------------------+------------------------+-------+
Clock Signal                       | Clock buffer(FF name)  | Load  |
-----------------------------------+------------------------+-------+
clock                              | BUFGP                  | 21    |
-----------------------------------+------------------------+-------+

Asynchronous Control Signals Information:
----------------------------------------
No asynchronous control signals found in this design

Timing Summary:
---------------
Speed Grade: -3

   Minimum period: 1.805ns (Maximum Frequency: 553.955MHz)
   Minimum input arrival time before clock: 1.275ns
   Maximum output required time after clock: 0.645ns
   Maximum combinational path delay: No path found

Timing Details:
---------------
All values displayed in nanoseconds (ns)

=========================================================================
Timing constraint: Default period analysis for Clock 'clock'
  Clock period: 1.805ns (frequency: 553.955MHz)
  Total number of paths / destination ports: 158 / 33
-------------------------------------------------------------------------
Delay:               1.805ns (Levels of Logic = 2)
  Source:            s_2 (FF)
  Destination:       d_out_0 (FF)
  Source Clock:      clock rising
  Destination Clock: clock rising

  Data Path: s_2 to d_out_0
                                Gate     Net
    Cell:in->out      fanout   Delay   Delay  Logical Name (Net Name)
    ----------------------------------------  ------------
     FDE:C->Q              6   0.361   0.534  s_2 (s_2)
     LUT3:I0->O            4   0.097   0.309  Mmux_current_state[1]_next_state[1]_wide_mux_26_OUT121 (Mmux_current_state[1]_next_state[1]_wide_mux_26_OUT12)
     LUT6:I5->O            8   0.097   0.311  _n0111_inv1 (_n0111_inv)
     FDE:CE                    0.095          d_out_0
    ----------------------------------------
    Total                      1.805ns (0.650ns logic, 1.155ns route)
                                       (36.0% logic, 64.0% route)

=========================================================================
Timing constraint: Default OFFSET IN BEFORE for Clock 'clock'
  Total number of paths / destination ports: 26 / 25
-------------------------------------------------------------------------
Offset:              1.275ns (Levels of Logic = 3)
  Source:            rx (PAD)
  Destination:       next_state_0 (FF)
  Destination Clock: clock rising

  Data Path: rx to next_state_0
                                Gate     Net
    Cell:in->out      fanout   Delay   Delay  Logical Name (Net Name)
    ----------------------------------------  ------------
     IBUF:I->O             3   0.001   0.693  rx_IBUF (rx_IBUF)
     LUT5:I0->O            1   0.097   0.379  Mmux_current_state[1]_next_state[1]_wide_mux_26_OUT12_SW3 (N4)
     LUT5:I3->O            1   0.097   0.000  Mmux_current_state[1]_next_state[1]_wide_mux_26_OUT12 (current_state[1]_next_state[1]_wide_mux_26_OUT<0>)
     FDE:D                     0.008          next_state_0
    ----------------------------------------
    Total                      1.275ns (0.203ns logic, 1.072ns route)
                                       (15.9% logic, 84.1% route)

=========================================================================
Timing constraint: Default OFFSET OUT AFTER for Clock 'clock'
  Total number of paths / destination ports: 9 / 9
-------------------------------------------------------------------------
Offset:              0.645ns (Levels of Logic = 1)
  Source:            d_out_7 (FF)
  Destination:       d_out<7> (PAD)
  Source Clock:      clock rising

  Data Path: d_out_7 to d_out<7>
                                Gate     Net
    Cell:in->out      fanout   Delay   Delay  Logical Name (Net Name)
    ----------------------------------------  ------------
     FDE:C->Q              2   0.361   0.283  d_out_7 (d_out_7)
     OBUF:I->O                 0.000          d_out_7_OBUF (d_out<7>)
    ----------------------------------------
    Total                      0.645ns (0.361ns logic, 0.283ns route)
                                       (56.0% logic, 44.0% route)

=========================================================================

Cross Clock Domains Report:
--------------------------

Clock to Setup on destination clock clock
---------------+---------+---------+---------+---------+
               | Src:Rise| Src:Fall| Src:Rise| Src:Fall|
Source Clock   |Dest:Rise|Dest:Rise|Dest:Fall|Dest:Fall|
---------------+---------+---------+---------+---------+
clock          |    1.805|         |         |         |
---------------+---------+---------+---------+---------+

=========================================================================


Total REAL time to Xst completion: 13.00 secs
Total CPU time to Xst completion: 13.70 secs
 
--> 

Total memory usage is 429576 kilobytes

Number of errors   :    0 (   0 filtered)
Number of warnings :    4 (   0 filtered)
Number of infos    :    0 (   0 filtered)

